Comandos básicos

- git config
    Define as diretivas de configuração do Git
    Ex: Configuração do usuário e do e-mail para que o Git registre quem está fazendo as alterações no repositório
        e define o nome padrão da branch criada durante a inicialização para main (padrão GitHub).
        git config --global user.name "Marco Aurélio Biaggi"
        git config --global user.email "mafobiaggi@gmail.com"
        git config --global init.defaultBranch main

- git init
    Inicializa um repositório local vazio dentro do diretório selecionado
    Ex: Criação de um diretório local e inicialização de um repositório
        $ mkdir projeto-git
        $ git init
            Initialized empty Git repository in /home/suporte/Documents/Projetos/projeto-git/.git/

- git status
    Verifica se existe algum arquivo criado, modificado ou removido
    Ex:
        $ git status
            On branch main
            Your branch is up to date with 'origin/main'.

            Untracked files:
            (use "git add <file>..." to include in what will be committed)
                    Anotacoes/

            nothing added to commit but untracked files present (use "git add" to track)

    Observações:
        Arquivos com estado de Untracked são aqueles que não estão presentes no último commit, ou na última versão registrada.

- git add
    Adiciona arquivos para serem registrados no próximo commit. Ou seja, coloca eles no "Stage".
    Ex: Criação do arquivo comandos-basicos.txt e adição no stage.
        $ git add comandos-basicos.txt
            $ git status
            On branch main
            Your branch is up to date with 'origin/main'.

            Changes to be committed:
            (use "git restore --staged <file>..." to unstage)
                    new file:   comandos-basicos.txt

    Observações:
        Parâmetros:
            $ git add . (adiciona todos os arquivos novos na área de "Stage").
            $ git add -A (adiciona todas as modificações, inclusive exclusões de arquivos, deferente do comando outro comando).

- git commit 
    Registra ("commita") as modificações salvas em uma versão.
    Ex: Registra a criação do arquivo comandos-básicos.txt até esta linha.
